--------- beginning of crash
06-26 00:34:18.959  1153  1153 F libc    : Fatal signal 6 (SIGABRT), code -1 (SI_QUEUE) in tid 1153 (init), pid 1153 (init)
06-26 00:34:18.973  1153  1153 F libc    : Crash due to signal: crash_dump helper failed to exec, or was killed
01-05 10:54:37.423  6733  6733 F libc    : Fatal signal 6 (SIGABRT), code -1 (SI_QUEUE) in tid 6733 (init), pid 6733 (init)
01-05 10:54:37.467  6733  6733 F libc    : Crash due to signal: crash_dump helper failed to exec, or was killed
--------- beginning of system
01-05 11:17:40.254  3292  3458 E FlexibleWindowManagerService: notifyTaskObserverToAttachController not need to notify!
01-05 11:17:40.324 29154 29193 E ActivityThread: Failed to find provider info for com.google.android.gms.chimera
01-05 11:17:40.695 10140 10188 E ActivityThread: Failed to find provider info for com.google.android.gms.chimera
01-05 11:17:40.717 10140 10188 E ActivityThread: Failed to find provider info for com.google.android.gms.chimera
01-05 11:17:40.717 10140 10188 E ActivityThread: Failed to find provider info for com.google.android.gms.chimera
01-05 11:17:40.719 10140 10228 E ActivityThread: Failed to find provider info for com.google.android.gms.phenotype
01-05 11:17:40.732  3292  3408 E OplusCustomizeRestrictionManagerService: isBiometricDisabled start
01-05 11:17:40.732  3292  4360 E OplusCustomizeRestrictionManagerService: isBiometricDisabled start
01-05 11:17:40.733  3292  3408 E OplusCustomizeRestrictionManagerService: isBiometricDisabled start
01-05 11:17:41.368  3292  4762 E UAH-Framework: invalid window type -1
01-05 11:17:42.333  3292  3521 E OplusThermalStats: Error getting package info: com.coloros.filemanager
01-05 11:17:42.333  3292  5495 E FlexibleWindowManagerService: notifyTaskObserverToAttachController not need to notify!
01-05 11:17:42.362  3292  3455 E FlexibleWindowManagerService: notifyTaskObserverToAttachController not need to notify!
01-05 11:17:42.384  3292  5495 E FlexibleWindowManagerService: notifyTaskObserverToAttachController not need to notify!
01-05 11:17:42.396  3292  3458 E OplusAppQuickStart_AppQuickStartController: not start from launcher transition:43
01-05 11:17:43.436  3292  5974 E FlexibleWindowManagerService: notifyTaskObserverToAttachController not need to notify!
01-05 11:17:43.466  3292  5974 E FlexibleWindowManagerService: notifyTaskObserverToAttachController not need to notify!
01-05 11:17:43.471  3292  3521 E OplusThermalStats: Error getting package info: system
01-05 11:17:43.486 10666 10666 E OplusCustomizePackageManager: mIOplusCustomizePackageManagerService is null
01-05 11:17:43.486 10666 10666 E OplusCustomizePackageManager: mIOplusCustomizePackageManagerService is null
01-05 11:17:43.486 10666 10666 E OplusCustomizePackageManager: isOplusCertificatePackage Errorjava.lang.NullPointerException: Attempt to invoke interface method 'boolean android.os.customize.IOplusCustomizePackageManagerService.isOplusCertificatePackage(java.lang.String)' on a null object reference
01-05 11:17:43.492 10656 10656 E OplusCustomizeRestrictionManager: sInstance is null, start a new sInstance
01-05 11:17:43.519  3292  3458 E FlexibleWindowManagerService: notifyTaskObserverToAttachController not need to notify!
01-05 11:17:43.528  3292  9991 E FlexibleWindowManagerService: notifyTaskObserverToAttachController not need to notify!
01-05 11:17:43.578  3292  3458 E OplusAppQuickStart_AppQuickStartController: not start from launcher transition:44
01-05 11:17:44.528  3292  5974 E FlexibleWindowManagerService: notifyTaskObserverToAttachController not need to notify!
01-05 11:17:44.559  3292  5495 E FlexibleWindowManagerService: notifyTaskObserverToAttachController not need to notify!
01-05 11:17:44.566  3292  3521 E OplusThermalStats: Error getting package info: com.android.packageinstaller
01-05 11:17:44.598  3292  4361 E FlexibleWindowManagerService: notifyTaskObserverToAttachController not need to notify!
01-05 11:17:44.601  3292  9991 E FlexibleWindowManagerService: notifyTaskObserverToAttachController not need to notify!
01-05 11:17:44.616 10810 10810 E OplusCustomizeRestrictionManager: sInstance is null, start a new sInstance
01-05 11:17:44.622  3292  3509 E AppOps  : package  not found, can't check for attributionTag null
01-05 11:17:44.622  3292  3509 E AppOps  : Bad call made by uid 1000. Package "" does not belong to uid -2.
01-05 11:17:44.622  3292  3509 E AppOps  : Cannot getAppOpMode: non-application UID -2
01-05 11:17:44.639  3292  3458 E FlexibleWindowManagerService: notifyTaskObserverToAttachController not need to notify!
01-05 11:17:44.640  3292  4361 E FlexibleWindowManagerService: notifyTaskObserverToAttachController not need to notify!
01-05 11:17:44.649  3292  3458 E OplusAppQuickStart_AppQuickStartController: not start from launcher transition:45
01-05 11:17:44.996  3292  3458 E FlexibleWindowManagerService: notifyTaskObserverToAttachController not need to notify!
01-05 11:17:44.999  3292  3509 E AppOps  : package  not found, can't check for attributionTag null
01-05 11:17:44.999  3292  3509 E AppOps  : Bad call made by uid 1000. Package "" does not belong to uid -2.
01-05 11:17:44.999  3292  3509 E AppOps  : Cannot getAppOpMode: non-application UID -2
01-05 11:17:45.001  3292  6198 E FlexibleWindowManagerService: notifyTaskObserverToAttachController not need to notify!
01-05 11:17:45.006  3292  9991 E FlexibleWindowManagerService: notifyTaskObserverToAttachController not need to notify!
01-05 11:17:45.011  3292  4361 E FlexibleWindowManagerService: notifyTaskObserverToAttachController not need to notify!
01-05 11:17:45.019  3292  3458 E FlexibleWindowManagerService: notifyTaskObserverToAttachController not need to notify!
01-05 11:17:45.032  3292  4762 E UAH-Framework: invalid window type -1
01-05 11:17:45.061  3292  3458 E OplusAppQuickStart_AppQuickStartController: not start from launcher transition:46
01-05 11:17:45.063  3292  3458 E FlexibleWindowManagerService: notifyTaskObserverToAttachController not need to notify!
01-05 11:17:45.089  3292  3458 E FlexibleWindowManagerService: notifyTaskObserverToAttachController not need to notify!
01-05 11:17:45.128 10810 11016 E ActivityThread: Failed to find provider info for com.google.android.gms.fonts
01-05 11:17:46.086  3292  4360 E FlexibleWindowManagerService: notifyTaskObserverToAttachController not need to notify!
01-05 11:17:46.088  3292  4360 E FlexibleWindowManagerService: notifyTaskObserverToAttachController not need to notify!
01-05 11:17:46.092  3292  3458 E FlexibleWindowManagerService: notifyTaskObserverToAttachController not need to notify!
01-05 11:17:46.096  3292  4762 E UAH-Framework: invalid window type -1
01-05 11:17:46.114  3292  3458 E OplusAppQuickStart_AppQuickStartController: not start from launcher transition:47
01-05 11:17:46.117  3292  3458 E FlexibleWindowManagerService: notifyTaskObserverToAttachController not need to notify!
01-05 11:17:46.320  3292  4397 E JobScheduler.Background: Couldn't determine stopped state for unknown package: com.tencent.mobileqq
01-05 11:17:46.478  5822  5976 E ActivityThread: Failed to find provider info for com.oplus.assistantscreen.configuration.change.provider
01-05 11:18:03.321  3292  4397 E JobScheduler.Background: Couldn't determine stopped state for unknown package: com.tencent.mobileqq
01-05 11:18:03.365  3292  3662 E PackageManagerServiceUtilsExtImpl: Fix up user restrict data of pkg: com.promenar.nexara
01-05 11:18:03.379  3292 11130 E OplusDexoptUtils:  get apk path wrong! android.content.pm.PackageManager$NameNotFoundException: com.promenar.nexara
01-05 11:18:04.238  3292  4361 E FlexibleWindowManagerService: notifyTaskObserverToAttachController not need to notify!
01-05 11:18:04.242  3292  5495 E FlexibleWindowManagerService: notifyTaskObserverToAttachController not need to notify!
01-05 11:18:04.250  3292  3458 E FlexibleWindowManagerService: notifyTaskObserverToAttachController not need to notify!
01-05 11:18:04.250  3292  4762 E UAH-Framework: invalid window type -1
01-05 11:18:04.282  3292  3458 E OplusAppQuickStart_AppQuickStartController: not start from launcher transition:48
01-05 11:18:04.284  3292  3458 E FlexibleWindowManagerService: notifyTaskObserverToAttachController not need to notify!
--------- beginning of main
01-05 11:18:04.488 11177 11177 E OplusContextUtil: java.lang.NullPointerException: Attempt to invoke virtual method 'android.content.pm.PackageManager android.content.Context.getPackageManager()' on a null object reference
01-05 11:18:04.488 11177 11177 E _Arouter: invoke error:com.oplus.uxdesign.externalscreen.ExternalScreenApplication.onCreate []
01-05 11:18:04.491 11177 11177 E ANDR-PERF-CLIENT-SYS: death recipent object is fine
01-05 11:18:04.502  3292  3458 E DynamicFramerate [DynamicFrameRateManagerImpl]: setFrameRateInternalForWindow: TIMING_DO_WINDOW_ANIMATION request is = FrameRateRequest: {  mUniqueID = 2747157, mVelocity = -2, mPreviousFrameRate = 90, mBindWithSC = true, mSc = Surface(name=b0312a8 com.android.packageinstaller/com.android.packageinstaller.InstallSuccess)/@0x29eb15, mTransaction = android.view.SurfaceControl$Transaction@9c2241b, Type = 20102 } , frameRate 0
01-05 11:18:04.502  3292  3458 E DynamicFramerate [DynamicFrameRateManagerImpl]: setFrameRateInternalForWindow: TIMING_DO_WINDOW_ANIMATION request is = FrameRateRequest: {  mUniqueID = 240217437, mVelocity = -2, mPreviousFrameRate = 90, mBindWithSC = true, mSc = Surface(name=8cb8ec0 com.android.packageinstaller/com.android.packageinstaller.InstallSuccess)/@0xe516d5d, mTransaction = android.view.SurfaceControl$Transaction@de5e3a3, Type = 20102 } , frameRate 0
01-05 11:18:04.507 24075 11369 E MSP-LOG-SDK-ColorOSVersionUtils: oplus ver:37
01-05 11:18:04.511 24075 11369 E MSP-LOG-SDK-RateLimitManager: not_allow_invoke because of time_window_not_allow queue = [1767576345685], config = RateLimitConfig{maxCalls=1, timeWindowSeconds=21600, callIntervalSeconds=0}, ipcInvokeTimeQueueMapKey = com.heytap.nearx.tangramconfig.kit.client.ICloudCtrlServiceModule?@?global-domain_1961?@?1?@?com.coloros.phonemanager, has already call 1 times in 21600 seconds before
01-05 11:18:04.513 24075 11369 E MSP-LOG-SDK-: MspSdkException{code=3014,message=com.heytap.mspsdk.ratelimit.MspRateLimitExceededException: ipc rate limit exceeded in time window}
01-05 11:18:04.513 24075 11369 E MSP-LOG-SDK-: 	at com.heytap.mspsdk.ratelimit.b.a(RateLimitInterceptor.java:56)
01-05 11:18:04.513 24075 11369 E MSP-LOG-SDK-: 	at com.heytap.mspsdk.interceptor.c.a(StandardListChain.java:40)
01-05 11:18:04.513 24075 11369 E MSP-LOG-SDK-: 	at com.heytap.mspsdk.proxy.b.a(CompatCheckInterceptor.java:30)
01-05 11:18:04.513 24075 11369 E MSP-LOG-SDK-: 	at com.heytap.mspsdk.interceptor.c.a(StandardListChain.java:40)
01-05 11:18:04.513 24075 11369 E MSP-LOG-SDK-: 	at com.heytap.mspsdk.proxy.e.invoke(InnerInvocationHandler.java:202)
01-05 11:18:04.513 24075 11369 E MSP-LOG-SDK-: 	at java.lang.reflect.Proxy.invoke(Proxy.java:1006)
01-05 11:18:04.513 24075 11369 E MSP-LOG-SDK-: 	at $Proxy18.getDynamicCondition(Unknown Source)
01-05 11:18:04.513 24075 11369 E MSP-LOG-SDK-: 	at com.heytap.nearx.tangramconfig.kit.client.KitProxy.getDynamicCondition$lambda$0(KitProxy.kt:25)
01-05 11:18:04.513 24075 11369 E MSP-LOG-SDK-: 	at com.heytap.nearx.tangramconfig.kit.client.KitProxy.b(KitProxy.kt:1)
01-05 11:18:04.513 24075 11369 E MSP-LOG-SDK-: 	at com.heytap.nearx.tangramconfig.kit.client.b.run(R8$$SyntheticClass:9)
01-05 11:18:04.513 24075 11369 E MSP-LOG-SDK-: 	at java.util.concurrent.ThreadPoolExecutor.runWorker(ThreadPoolExecutor.java:1156)
01-05 11:18:04.513 24075 11369 E MSP-LOG-SDK-: 	at java.util.concurrent.ThreadPoolExecutor$Worker.run(ThreadPoolExecutor.java:651)
01-05 11:18:04.513 24075 11369 E MSP-LOG-SDK-: 	at java.lang.Thread.run(Thread.java:1119)
01-05 11:18:04.545 11246 11327 E AppFeatureProviderUtils: getString: getStringForFeature return null
01-05 11:18:04.566 11177 11177 E _Arouter: invoke error:com.oplus.uxdesign.language.LanguageApplication.onTrimMemory [int]
01-05 11:18:04.567 11177 11177 E _Arouter: invoke error:com.oplus.uxdesign.externalscreen.ExternalScreenApplication.onTrimMemory [int]
01-05 11:18:04.567 11177 11177 E _Arouter: invoke error:com.oplus.theme.OplusThemeApplication.onTrimMemory [int]
01-05 11:18:04.567 11177 11177 E _Arouter: invoke error:com.oplus.uxdesign.uxcolor.UxColorApplication.onTrimMemory [int]
01-05 11:18:04.567 11177 11177 E _Arouter: invoke error:com.oplus.uxdesign.personal.PersonalApplication.onTrimMemory [int]
01-05 11:18:04.567 11177 11177 E _Arouter: invoke error:com.oplus.uxdesign.icon.IconStyleApplication.onTrimMemory [int]
01-05 11:18:04.628 11246 11376 E AppFeatureProviderUtils: getString: getStringForFeature return null
01-05 11:18:04.632 11246 11376 E AppFeatureProviderUtils: getString: getStringForFeature return null
01-05 11:18:04.655 11246 11376 E AppFeatureProviderUtils: getString: getStringForFeature return null
01-05 11:18:04.664 11246 11376 E AppFeatureProviderUtils: getString: getStringForFeature return null
01-05 11:18:04.671 11246 11376 E AppFeatureProviderUtils: getString: getStringForFeature return null
01-05 11:18:04.672 11246 11376 E AppFeatureProviderUtils: getString: getStringForFeature return null
01-05 11:18:04.675 11246 11376 E AppFeatureProviderUtils: getString: getStringForFeature return null
01-05 11:18:04.676 11246 11376 E AppFeatureProviderUtils: getString: getStringForFeature return null
01-05 11:18:04.677 11246 11376 E AppFeatureProviderUtils: getString: getStringForFeature return null
01-05 11:18:04.680 11246 11376 E AppFeatureProviderUtils: getString: getStringForFeature return null
01-05 11:18:04.684  3292  6734 E OplusListManagerImpl: com.nearme.gamecenteris not kept alive
01-05 11:18:04.685 11246 11376 E AppFeatureProviderUtils: getString: getStringForFeature return null
01-05 11:18:04.685 11246 11376 E AppFeatureProviderUtils: getString: getStringForFeature return null
01-05 11:18:04.686 11246 11376 E AppFeatureProviderUtils: getString: getStringForFeature return null
01-05 11:18:04.687 11246 11376 E AppFeatureProviderUtils: getString: getStringForFeature return null
01-05 11:18:04.687 11246 11376 E AppFeatureProviderUtils: getString: getStringForFeature return null
01-05 11:18:04.688 11246 11376 E AppFeatureProviderUtils: getString: getStringForFeature return null
01-05 11:18:04.689 11246 11376 E AppFeatureProviderUtils: getString: getStringForFeature return null
01-05 11:18:04.690 11246 11376 E AppFeatureProviderUtils: getString: getStringForFeature return null
01-05 11:18:04.693 11246 11376 E AppFeatureProviderUtils: getString: getStringForFeature return null
01-05 11:18:04.695 11246 11376 E AppFeatureProviderUtils: getString: getStringForFeature return null
01-05 11:18:04.698 11246 11376 E AppFeatureProviderUtils: getString: getStringForFeature return null
01-05 11:18:04.699 11246 11376 E AppFeatureProviderUtils: getString: getStringForFeature return null
01-05 11:18:04.699 11246 11376 E AppFeatureProviderUtils: getString: getStringForFeature return null
01-05 11:18:04.701 11246 11376 E AppFeatureProviderUtils: getString: getStringForFeature return null
01-05 11:18:04.704 11246 11376 E AppFeatureProviderUtils: getString: getStringForFeature return null
01-05 11:18:04.705 11246 11376 E AppFeatureProviderUtils: getString: getStringForFeature return null
01-05 11:18:04.708 11246 11376 E AppFeatureProviderUtils: getString: getStringForFeature return null
01-05 11:18:04.709 11246 11376 E AppFeatureProviderUtils: getString: getStringForFeature return null
01-05 11:18:04.710 11246 11376 E AppFeatureProviderUtils: getString: getStringForFeature return null
01-05 11:18:04.710 11246 11376 E AppFeatureProviderUtils: getString: getStringForFeature return null
01-05 11:18:04.711 11246 11376 E AppFeatureProviderUtils: getString: getStringForFeature return null
01-05 11:18:04.712 11246 11376 E AppFeatureProviderUtils: getString: getStringForFeature return null
01-05 11:18:04.713 11246 11376 E AppFeatureProviderUtils: getString: getStringForFeature return null
01-05 11:18:04.717  5822  5976 E ActivityThread: Failed to find provider info for com.oplus.assistantscreen.configuration.change.provider
01-05 11:18:04.720  5822  5976 E ActivityThread: Failed to find provider info for com.oplus.assistantscreen.configuration.change.provider
01-05 11:18:04.723 24552 24552 E SkillTipsSDK_SkillRulerParserJsInterface: parseRuleSetFromLocal error: com.google.gson.JsonSyntaxException: java.lang.IllegalStateException: Expected BEGIN_ARRAY but was BEGIN_OBJECT at line 1 column 2 path $ -> java.lang.IllegalStateException: Expected BEGIN_ARRAY but was BEGIN_OBJECT at line 1 column 2 path $
01-05 11:18:04.725 11273 11438 E ashmem  : Pinning is deprecated since Android Q. Please use trim or other methods.
01-05 11:18:04.734 10573 28866 E SG::OCSCacheHelper: checkFromPackageReceiver resolvedInfo is empty,pkg = com.promenar.nexara
01-05 11:18:04.741 11492 11492 E loros.securepay: Unknown bits set in runtime_flags: 0x40000000
01-05 11:18:04.745 23782 23913 E ActivityThread: Failed to find provider info for com.platform.usercenter.vip
01-05 11:18:04.745 23782 23838 E FileStrategy: java.io.IOException: Read-only file system
01-05 11:18:04.753 11492 11492 E loros.securepay: Not starting debugger since process cannot load the jdwp agent.
01-05 11:18:04.767 10573 11490 E SG::ServiceInfoUpdater:  resetPkgNameWhenInstall ACTION_PACKAGE_ADDED packageName：com.promenar.nexara,serviceInfos:0
01-05 11:18:04.768 11517 11517 E com.opos.ads: Unknown bits set in runtime_flags: 0x40000000
01-05 11:18:04.771 11517 11517 E com.opos.ads: Not starting debugger since process cannot load the jdwp agent.
01-05 11:18:04.771 10573 28866 E SG::OCSCacheHelper: checkFromPackageReceiver resolvedInfo is empty,pkg = com.promenar.nexara
01-05 11:18:04.782  6290  6312 E StartupManager: loadPreventRecordAppLabel: not found package com.oplus.deepthinker
01-05 11:18:04.786 23782 23916 E ActivityThread: Failed to find provider info for com.platform.usercenter.vip
01-05 11:18:04.795  2033  2033 E android.hardware.power.stats-impl.oplus: HandleFactory::read open charger_input_current_now(/proc/charger/input_current_now) failed! fd: -1 errno: 2
01-05 11:18:04.804 11564 11564 E pthinker:worker: Unknown bits set in runtime_flags: 0x40000000
01-05 11:18:04.811 11564 11564 E pthinker:worker: Not starting debugger since process cannot load the jdwp agent.
01-05 11:18:04.813  7196 14663 E midasd  : getTotalFlipsFromSf mCurFrameCount: 13574
01-05 11:18:04.813  7196 14663 E midasd  : getTotalFlipsFromSf mCurFrameCount: 13574
01-05 11:18:04.813  7196 14663 E midasd  : getTotalFlipsFromSf mCurFrameCount: 13574
01-05 11:18:04.813  7196 14663 E midasd  : getTotalFlipsFromSf mCurFrameCount: 13574
01-05 11:18:04.813  7196 14663 E midasd  : getTotalFlipsFromSf mCurFrameCount: 13574
01-05 11:18:04.813  7196 14663 E midasd  : getTotalFlipsFromSf mCurFrameCount: 13574
01-05 11:18:04.819  3292  9869 E AppSearchAppsIndexerImpl: Certificate not found for package: org.chromium.webapk.a787e80890783e57e_v2
01-05 11:18:04.828  1949  2060 E PERFHAL-OPTSHANDLER: PERFHAL-OPTSHANDLER: handle_early_wakeup_hint() 2454: Display not enabled
01-05 11:18:04.828  1949  2060 E PERFHAL-RESOURCEQS: PERFHAL-RESOURCEQS: AddAndApply() 159: Failed to apply optimization [7, 3]
01-05 11:18:04.854  1949  2060 E PERFHAL-OPTSHANDLER: PERFHAL-OPTSHANDLER: handle_early_wakeup_hint() 2454: Display not enabled
01-05 11:18:04.854  1949  2060 E PERFHAL-RESOURCEQS: PERFHAL-RESOURCEQS: RemoveAndApply() 299: Failed to reset optimization here [7, 3]
01-05 11:18:04.856 11246 11376 E AppFeatureProviderUtils: getString: getStringForFeature return null
01-05 11:18:04.876  1753  1804 E TetherController: property_get sys.radio.data.modem_share_flag return 0, 1!
01-05 11:18:04.893 11246 11376 E AppFeatureProviderUtils: getString: getStringForFeature return null
01-05 11:18:04.907 11273 11485 E SQLiteLog: (1) no such table: download in "SELECT * FROM download ORDER BY _id DESC"
01-05 11:18:04.908 11273 11485 E fatal_log: android.database.sqlite.SQLiteException: no such table: download (code 1 SQLITE_ERROR): , while compiling: SELECT * FROM download ORDER BY _id DESC
01-05 11:18:04.908  1147  1147 E lowmemorykiller: device memory 1483524 free 87733 file 1350298
01-05 11:18:04.911  3292  4362 E OsenseCommonUtils: write /dev/memcg/memory.force_shrink_file failed
01-05 11:18:04.911  3292  4362 E OsenseCommonUtils: java.io.IOException: write failed: EBUSY (Device or resource busy)
01-05 11:18:04.911  3292  4362 E OsenseCommonUtils: 	at libcore.io.IoBridge.write(IoBridge.java:651)
01-05 11:18:04.911  3292  4362 E OsenseCommonUtils: 	at java.io.FileOutputStream.write(FileOutputStream.java:436)
01-05 11:18:04.911  3292  4362 E OsenseCommonUtils: 	at sun.nio.cs.StreamEncoder.writeBytes(StreamEncoder.java:233)
01-05 11:18:04.911  3292  4362 E OsenseCommonUtils: 	at sun.nio.cs.StreamEncoder.implFlushBuffer(StreamEncoder.java:309)
01-05 11:18:04.911  3292  4362 E OsenseCommonUtils: 	at sun.nio.cs.StreamEncoder.implFlush(StreamEncoder.java:313)
01-05 11:18:04.911  3292  4362 E OsenseCommonUtils: 	at sun.nio.cs.StreamEncoder.flush(StreamEncoder.java:153)
01-05 11:18:04.911  3292  4362 E OsenseCommonUtils: 	at java.io.OutputStreamWriter.flush(OutputStreamWriter.java:248)
01-05 11:18:04.911  3292  4362 E OsenseCommonUtils: 	at com.android.server.oplus.osense.utils.OsenseCommonUtils.writeFile(OsenseCommonUtils.java:154)
01-05 11:18:04.911  3292  4362 E OsenseCommonUtils: 	at com.android.server.am.OplusOsenseCompressAction.doGlobalShrink(OplusOsenseCompressAction.java:1886)
01-05 11:18:04.911  3292  4362 E OsenseCommonUtils: 	at com.android.server.am.OplusOsenseCompressAction.-$$Nest$mdoGlobalShrink(Unknown Source:0)
01-05 11:18:04.911  3292  4362 E OsenseCommonUtils: 	at com.android.server.am.OplusOsenseCompressAction$CompressHandler.handleMessage(OplusOsenseCompressAction.java:1334)
01-05 11:18:04.911  3292  4362 E OsenseCommonUtils: 	at android.os.Handler.dispatchMessage(Handler.java:115)
01-05 11:18:04.911  3292  4362 E OsenseCommonUtils: 	at android.os.Looper.loopOnce(Looper.java:298)
01-05 11:18:04.911  3292  4362 E OsenseCommonUtils: 	at android.os.Looper.loop(Looper.java:408)
01-05 11:18:04.911  3292  4362 E OsenseCommonUtils: 	at android.os.HandlerThread.run(HandlerThread.java:85)
01-05 11:18:04.911  3292  4362 E OsenseCommonUtils: Caused by: android.system.ErrnoException: write failed: EBUSY (Device or resource busy)
01-05 11:18:04.911  3292  4362 E OsenseCommonUtils: 	at libcore.io.Linux.writeBytes(Native Method)
01-05 11:18:04.911  3292  4362 E OsenseCommonUtils: 	at libcore.io.Linux.write(Linux.java:336)
01-05 11:18:04.911  3292  4362 E OsenseCommonUtils: 	at libcore.io.ForwardingOs.write(ForwardingOs.java:948)
01-05 11:18:04.911  3292  4362 E OsenseCommonUtils: 	at libcore.io.BlockGuardOs.write(BlockGuardOs.java:448)
01-05 11:18:04.911  3292  4362 E OsenseCommonUtils: 	at libcore.io.IoBridge.write(IoBridge.java:646)
01-05 11:18:04.911  3292  4362 E OsenseCommonUtils: 	... 14 more
01-05 11:18:04.919  1147  1147 E lowmemorykiller: device memory 1482703 free 83655 file 1353635
01-05 11:18:04.937 11517 11686 E ashmem  : Pinning is deprecated since Android Q. Please use trim or other methods.
01-05 11:18:04.943 11246 11376 E AppFeatureProviderUtils: getString: getStringForFeature return null
01-05 11:18:04.954  6290  6312 E StartupManager: loadPreventRecordAppLabel: not found package com.oplus.games
01-05 11:18:04.958 11273 11651 E IDHelper: 1078:com.oplus.stdid
01-05 11:18:04.971 11729 11729 E com.oplus.games: Unknown bits set in runtime_flags: 0x40000000
01-05 11:18:04.974 11729 11729 E com.oplus.games: Not starting debugger since process cannot load the jdwp agent.
01-05 11:18:04.974 11517 11704 E LoganThread: ad_com_opos_ads_2025_12_29_11.dog3被删除
01-05 11:18:04.978 11492 11768 E Channel.Client[1000027].securepay.ChannelClientLogUtil: (pool-3-thread-1)registerContentObserver error exception:Permission Denial: opening provider com.pantanal.server.decision.result.DecisionProvider from ProcessRecord{1b295eb 11492:com.coloros.securepay/u0a204} (pid=11492, uid=10204) requires com.oplus.permission.safe.ASSISTANT or com.oplus.permission.safe.ASSISTANT
01-05 11:18:04.985 11492 11492 E [UAH_CLIENT]: uahInit enter
01-05 11:18:04.987 11246 11376 E AppFeatureProviderUtils: getString: getStringForFeature return null
01-05 11:18:04.988 11177 11336 E UXDesign--Common: ZipUtils-->changeModFile : java.nio.file.FileSystemException: /data/oplus/uxicons/morph_icons_whitelist.xml: Operation not permitted
01-05 11:18:04.998 11246 11376 E AppFeatureProviderUtils: getString: getStringForFeature return null
01-05 11:18:05.003 11246 11376 E AppFeatureProviderUtils: getString: getStringForFeature return null
01-05 11:18:05.004 11246 11376 E AppFeatureProviderUtils: getString: getStringForFeature return null
01-05 11:18:05.005 11492 11492 E SchedAssist: open sharedFd failed with error=Permission denied
01-05 11:18:05.005 11492 11492 E SchedAssist: open sharedFd failed with error=Permission denied
01-05 11:18:05.005 11492 11492 E SchedAssist: open sharedFd failed with error=Permission denied
01-05 11:18:05.006 11246 11376 E AppFeatureProviderUtils: getString: getStringForFeature return null
01-05 11:18:05.016 11564 11564 E ANDR-PERF-CLIENT-SYS: death recipent object is fine
01-05 11:18:05.019  1147  1147 E lowmemorykiller: device memory 1475065 free 61295 file 1367383
01-05 11:18:05.020  7169  7255 E horae   : tz(cpu-0-1-1) temp changed suddenly, cut temp to:51800
01-05 11:18:05.020  7169  7255 E horae   : Recording abnormal tz:8 state:4.
01-05 11:18:05.037 11246 11376 E AppFeatureProviderUtils: getString: getStringForFeature return null
01-05 11:18:05.090 11246 11376 E AppFeatureProviderUtils: getString: getStringForFeature return null
01-05 11:18:05.096  1193  1193 E KeymasterUtils: IKMHal_sendCmd failed with rsp_header->status: -28
01-05 11:18:05.096  1193  1193 E KeyMasterHalDevice: abort_operation
01-05 11:18:05.096  1193  1193 E KeyMasterHalDevice: ret: -28
01-05 11:18:05.108 11246 11376 E AppFeatureProviderUtils: getString: getStringForFeature return null
01-05 11:18:05.110 11246 11376 E AppFeatureProviderUtils: getString: getStringForFeature return null
01-05 11:18:05.112  1193  1193 E KeymasterUtils: IKMHal_sendCmd failed with rsp_header->status: -28
01-05 11:18:05.112  1193  1193 E KeyMasterHalDevice: abort_operation
01-05 11:18:05.112  1193  1193 E KeyMasterHalDevice: ret: -28
01-05 11:18:05.116 11246 11376 E AppFeatureProviderUtils: getString: getStringForFeature return null
01-05 11:18:05.117  1147  1147 E lowmemorykiller: device memory 1480644 free 72826 file 1369737
01-05 11:18:05.122 11246 11376 E AppFeatureProviderUtils: getString: getStringForFeature return null
01-05 11:18:05.128 11246 11376 E AppFeatureProviderUtils: getString: getStringForFeature return null
01-05 11:18:05.129 11246 11376 E AppFeatureProviderUtils: getString: getStringForFeature return null
01-05 11:18:05.133 11246 11376 E AppFeatureProviderUtils: getString: getStringForFeature return null
01-05 11:18:05.135 11246 11376 E AppFeatureProviderUtils: getString: getStringForFeature return null
01-05 11:18:05.137 11246 11376 E AppFeatureProviderUtils: getString: getStringForFeature return null
01-05 11:18:05.139 11246 11376 E AppFeatureProviderUtils: getString: getStringForFeature return null
01-05 11:18:05.145 11246 11376 E AppFeatureProviderUtils: getString: getStringForFeature return null
01-05 11:18:05.149 11246 11376 E AppFeatureProviderUtils: getString: getStringForFeature return null
01-05 11:18:05.151 11246 11376 E AppFeatureProviderUtils: getString: getStringForFeature return null
01-05 11:18:05.153 11246 11376 E AppFeatureProviderUtils: getString: getStringForFeature return null
01-05 11:18:05.154 11246 11376 E AppFeatureProviderUtils: getString: getStringForFeature return null
01-05 11:18:05.155 11729 11729 E ashmem  : Pinning is deprecated since Android Q. Please use trim or other methods.
01-05 11:18:05.166 11246 11376 E AppFeatureProviderUtils: getString: getStringForFeature return null
01-05 11:18:05.169 11246 11376 E AppFeatureProviderUtils: getString: getStringForFeature return null
01-05 11:18:05.170 11246 11376 E AppFeatureProviderUtils: getString: getStringForFeature return null
01-05 11:18:05.170 11246 11376 E AppFeatureProviderUtils: getString: getStringForFeature return null
01-05 11:18:05.172 11729 11729 E [UAH_CLIENT]: uahInit enter
01-05 11:18:05.173 11246 11376 E AppFeatureProviderUtils: getString: getStringForFeature return null
01-05 11:18:05.174 11246 11376 E AppFeatureProviderUtils: getString: getStringForFeature return null
01-05 11:18:05.176 11246 11376 E AppFeatureProviderUtils: getString: getStringForFeature return null
01-05 11:18:05.178 11246 11376 E AppFeatureProviderUtils: getString: getStringForFeature return null
01-05 11:18:05.184 11246 11376 E AppFeatureProviderUtils: getString: getStringForFeature return null
01-05 11:18:05.186 11246 11376 E AppFeatureProviderUtils: getString: getStringForFeature return null
01-05 11:18:05.189 11246 11376 E AppFeatureProviderUtils: getString: getStringForFeature return null
01-05 11:18:05.189 11246 11376 E AppFeatureProviderUtils: getString: getStringForFeature return null
01-05 11:18:05.190 11246 11376 E AppFeatureProviderUtils: getString: getStringForFeature return null
01-05 11:18:05.192 11246 11376 E AppFeatureProviderUtils: getString: getStringForFeature return null
01-05 11:18:05.193 11246 11376 E AppFeatureProviderUtils: getString: getStringForFeature return null
01-05 11:18:05.202 11246 11376 E AppFeatureProviderUtils: getString: getStringForFeature return null
01-05 11:18:05.204 11246 11376 E AppFeatureProviderUtils: getString: getStringForFeature return null
01-05 11:18:05.206 11246 11376 E AppFeatureProviderUtils: getString: getStringForFeature return null
01-05 11:18:05.209 11246 11376 E AppFeatureProviderUtils: getString: getStringForFeature return null
01-05 11:18:05.210 11246 11376 E AppFeatureProviderUtils: getString: getStringForFeature return null
01-05 11:18:05.211 11246 11376 E AppFeatureProviderUtils: getString: getStringForFeature return null
01-05 11:18:05.217  1147  1147 E lowmemorykiller: device memory 1477843 free 58899 file 1385789
01-05 11:18:05.224 11246 11376 E AppFeatureProviderUtils: getString: getStringForFeature return null
01-05 11:18:05.236 11246 11376 E AppFeatureProviderUtils: getString: getStringForFeature return null
01-05 11:18:05.241 11246 11376 E AppFeatureProviderUtils: getString: getStringForFeature return null
01-05 11:18:05.244 24075 24130 E PhoneManager.CloudScanManager:  queryTeeList() size = 1
01-05 11:18:05.246 24075 24130 E PhoneManager.CloudScanManagerUtil:  queryTeeList() app num=1, list size=32, inputParams: {"appnum":"1","applist":"0048000B8451464948EACE744CD0A35C"}
01-05 11:18:05.246 11246 11376 E AppFeatureProviderUtils: getString: getStringForFeature return null
01-05 11:18:05.249 24075 11258 E OplusUXIconLoader: checkConfig parse xml failed:android.content.pm.PackageManager$NameNotFoundException: 
01-05 11:18:05.252 11246 11376 E AppFeatureProviderUtils: getString: getStringForFeature return null
01-05 11:18:05.255 11246 11376 E AppFeatureProviderUtils: getString: getStringForFeature return null
01-05 11:18:05.258 11246 11376 E AppFeatureProviderUtils: getString: getStringForFeature return null
01-05 11:18:05.260 11246 11376 E AppFeatureProviderUtils: getString: getStringForFeature return null
01-05 11:18:05.274  1197  1260 E QC-time-services: Receive Passed == base = 13, unit = 1, operation = 2, result = 0
01-05 11:18:05.275  1636  1656 E QC-time-services: Daemon: Time-services: Waiting to acceptconnection
01-05 11:18:05.276  1636  1656 E QC-time-services: Daemon: Time-services: Waiting to acceptconnection
01-05 11:18:05.276 11246 11376 E AppFeatureProviderUtils: getString: getStringForFeature return null
01-05 11:18:05.277 11246 11376 E AppFeatureProviderUtils: getString: getStringForFeature return null
01-05 11:18:05.278 11246 11376 E AppFeatureProviderUtils: getString: getStringForFeature return null
01-05 11:18:05.284 11246 11376 E AppFeatureProviderUtils: getString: getStringForFeature return null
01-05 11:18:05.288 11246 11376 E AppFeatureProviderUtils: getString: getStringForFeature return null
01-05 11:18:05.289 11246 11376 E AppFeatureProviderUtils: getString: getStringForFeature return null
01-05 11:18:05.290 11246 11376 E AppFeatureProviderUtils: getString: getStringForFeature return null
01-05 11:18:05.293 11246 11376 E AppFeatureProviderUtils: getString: getStringForFeature return null
01-05 11:18:05.293 11246 11376 E AppFeatureProviderUtils: getString: getStringForFeature return null
01-05 11:18:05.301 11246 11376 E AppFeatureProviderUtils: getString: getStringForFeature return null
01-05 11:18:05.302 11246 11376 E AppFeatureProviderUtils: getString: getStringForFeature return null
01-05 11:18:05.303 11246 11376 E AppFeatureProviderUtils: getString: getStringForFeature return null
01-05 11:18:05.308 11246 11376 E AppFeatureProviderUtils: getString: getStringForFeature return null
01-05 11:18:05.309  1193  1193 E KeymasterUtils: IKMHal_sendCmd failed with rsp_header->status: -28
01-05 11:18:05.309  1193  1193 E KeyMasterHalDevice: abort_operation
01-05 11:18:05.309  1193  1193 E KeyMasterHalDevice: ret: -28
01-05 11:18:05.310 11246 11376 E AppFeatureProviderUtils: getString: getStringForFeature return null
01-05 11:18:05.312 11246 11376 E AppFeatureProviderUtils: getString: getStringForFeature return null
01-05 11:18:05.316 11246 11376 E AppFeatureProviderUtils: getString: getStringForFeature return null
01-05 11:18:05.318  1147  1147 E lowmemorykiller: device memory 1477477 free 91691 file 1370619
01-05 11:18:05.318 11246 11376 E AppFeatureProviderUtils: getString: getStringForFeature return null
01-05 11:18:05.319 11246 11376 E AppFeatureProviderUtils: getString: getStringForFeature return null
01-05 11:18:05.319 11246 11376 E AppFeatureProviderUtils: getString: getStringForFeature return null
01-05 11:18:05.320 11246 11376 E AppFeatureProviderUtils: getString: getStringForFeature return null
01-05 11:18:05.320 11246 11376 E AppFeatureProviderUtils: getString: getStringForFeature return null
01-05 11:18:05.327 11246 11376 E AppFeatureProviderUtils: getString: getStringForFeature return null
01-05 11:18:05.329 11246 11376 E AppFeatureProviderUtils: getString: getStringForFeature return null
01-05 11:18:05.331 11246 11376 E AppFeatureProviderUtils: getString: getStringForFeature return null
01-05 11:18:05.333 11246 11376 E AppFeatureProviderUtils: getString: getStringForFeature return null
01-05 11:18:05.333 11246 11376 E AppFeatureProviderUtils: getString: getStringForFeature return null
01-05 11:18:05.334 11246 11376 E AppFeatureProviderUtils: getString: getStringForFeature return null
01-05 11:18:05.334 11246 11376 E AppFeatureProviderUtils: getString: getStringForFeature return null
01-05 11:18:05.337 11246 11376 E AppFeatureProviderUtils: getString: getStringForFeature return null
01-05 11:18:05.338  1193  1193 E KeymasterUtils: IKMHal_sendCmd failed with rsp_header->status: -28
01-05 11:18:05.338  1193  1193 E KeyMasterHalDevice: abort_operation
01-05 11:18:05.338  1193  1193 E KeyMasterHalDevice: ret: -28
01-05 11:18:05.343 11246 11376 E AppFeatureProviderUtils: getString: getStringForFeature return null
01-05 11:18:05.346 11246 11376 E AppFeatureProviderUtils: getString: getStringForFeature return null
01-05 11:18:05.347 12036 12036 E ent.mm:hotpot..: Unknown bits set in runtime_flags: 0x40000000
01-05 11:18:05.348 12036 12036 E ent.mm:hotpot..: Not starting debugger since process cannot load the jdwp agent.
01-05 11:18:05.348 11246 11376 E AppFeatureProviderUtils: getString: getStringForFeature return null
01-05 11:18:05.353 11246 11376 E AppFeatureProviderUtils: getString: getStringForFeature return null
01-05 11:18:05.357 11246 11376 E AppFeatureProviderUtils: getString: getStringForFeature return null
01-05 11:18:05.358 11246 11376 E AppFeatureProviderUtils: getString: getStringForFeature return null
01-05 11:18:05.359 11246 11376 E AppFeatureProviderUtils: getString: getStringForFeature return null
01-05 11:18:05.359 11246 11376 E AppFeatureProviderUtils: getString: getStringForFeature return null
01-05 11:18:05.360 11246 11376 E AppFeatureProviderUtils: getString: getStringForFeature return null
01-05 11:18:05.361 11246 11376 E AppFeatureProviderUtils: getString: getStringForFeature return null
01-05 11:18:05.364 11246 11376 E AppFeatureProviderUtils: getString: getStringForFeature return null
01-05 11:18:05.365 11246 11376 E AppFeatureProviderUtils: getString: getStringForFeature return null
01-05 11:18:05.365 11273 11901 E CursorWindow: Failed alloc newOffset: 457156mAllocOffset: 457152mSlotsOffset: 457152: No such file or directory
01-05 11:18:05.365 11273 11901 E CursorWindow: Failed NO_MEMORY: No such file or directory
01-05 11:18:05.366 11246 11376 E AppFeatureProviderUtils: getString: getStringForFeature return null
01-05 11:18:05.367 11246 11376 E AppFeatureProviderUtils: getString: getStringForFeature return null
01-05 11:18:05.372  1197  1260 E QC-time-services: Receive Passed == base = 13, unit = 1, operation = 2, result = 0
01-05 11:18:05.372  1636  1656 E QC-time-services: Daemon: Time-services: Waiting to acceptconnection
01-05 11:18:05.372  1636  1656 E QC-time-services: Daemon: Time-services: Waiting to acceptconnection
01-05 11:18:05.373 11246 11376 E AppFeatureProviderUtils: getString: getStringForFeature return null
01-05 11:18:05.375 11246 11376 E AppFeatureProviderUtils: getString: getStringForFeature return null
01-05 11:18:05.377 11246 11376 E AppFeatureProviderUtils: getString: getStringForFeature return null
01-05 11:18:05.383 11246 11376 E AppFeatureProviderUtils: getString: getStringForFeature return null
01-05 11:18:05.386 11246 11376 E AppFeatureProviderUtils: getString: getStringForFeature return null
01-05 11:18:05.389 11246 11376 E AppFeatureProviderUtils: getString: getStringForFeature return null
01-05 11:18:05.393 11246 11376 E AppFeatureProviderUtils: getString: getStringForFeature return null
01-05 11:18:05.396 11246 11376 E AppFeatureProviderUtils: getString: getStringForFeature return null
01-05 11:18:05.404 11246 11376 E AppFeatureProviderUtils: getString: getStringForFeature return null
01-05 11:18:05.406 11246 11376 E AppFeatureProviderUtils: getString: getStringForFeature return null
01-05 11:18:05.407 11246 11376 E AppFeatureProviderUtils: getString: getStringForFeature return null
01-05 11:18:05.409 11246 11376 E AppFeatureProviderUtils: getString: getStringForFeature return null
01-05 11:18:05.412 11246 11376 E AppFeatureProviderUtils: getString: getStringForFeature return null
01-05 11:18:05.416 11246 11376 E AppFeatureProviderUtils: getString: getStringForFeature return null
01-05 11:18:05.419 10810 10810 E IJankManager: slideSceneEnd unknown scene 1000 mScene:-1
01-05 11:18:05.419  1147  1147 E lowmemorykiller: device memory 1486517 free 89114 file 1381567
01-05 11:18:05.420 11246 11376 E AppFeatureProviderUtils: getString: getStringForFeature return null
01-05 11:18:05.422 11246 11376 E AppFeatureProviderUtils: getString: getStringForFeature return null
01-05 11:18:05.424 11246 11376 E AppFeatureProviderUtils: getString: getStringForFeature return null
01-05 11:18:05.425 11246 11376 E AppFeatureProviderUtils: getString: getStringForFeature return null
01-05 11:18:05.429 12313 14246 E FileStrategy: java.io.IOException: Read-only file system
01-05 11:18:05.432 11246 11376 E AppFeatureProviderUtils: getString: getStringForFeature return null
01-05 11:18:05.434 11246 11376 E AppFeatureProviderUtils: getString: getStringForFeature return null
01-05 11:18:05.435 11246 11376 E AppFeatureProviderUtils: getString: getStringForFeature return null
01-05 11:18:05.436 11246 11376 E AppFeatureProviderUtils: getString: getStringForFeature return null
01-05 11:18:05.436 11246 11376 E AppFeatureProviderUtils: getString: getStringForFeature return null
01-05 11:18:05.439 11246 11376 E AppFeatureProviderUtils: getString: getStringForFeature return null
01-05 11:18:05.441 11246 11376 E AppFeatureProviderUtils: getString: getStringForFeature return null
01-05 11:18:05.442 11749 11749 E AdviceSDK.CompatUtils: notifyPackageChangeCallBack, pkg: com.promenar.nexara-[16.0.29-0f0e5e9]
01-05 11:18:05.445 12209 12209 E nstant.platform: Unknown bits set in runtime_flags: 0x40000000
01-05 11:18:05.447 12209 12209 E nstant.platform: Not starting debugger since process cannot load the jdwp agent.
01-05 11:18:05.451 11246 11376 E AppFeatureProviderUtils: getString: getStringForFeature return null
01-05 11:18:05.452 11246 11376 E AppFeatureProviderUtils: getString: getStringForFeature return null
01-05 11:18:05.459  3292  9322 E WindowProcessControllerExtImpl: shouldMakeAbnormalActivityFinishing, list may empty, mHasActivities: false
01-05 11:18:05.465 11749 14124 E FileStrategy: java.io.IOException: Read-only file system
01-05 11:18:05.466 11246 11376 E AppFeatureProviderUtils: getString: getStringForFeature return null
01-05 11:18:05.467 11246 11376 E AppFeatureProviderUtils: getString: getStringForFeature return null
01-05 11:18:05.470 11246 11376 E AppFeatureProviderUtils: getString: getStringForFeature return null
01-05 11:18:05.473 11246 11376 E AppFeatureProviderUtils: getString: getStringForFeature return null
01-05 11:18:05.475 11246 11376 E AppFeatureProviderUtils: getString: getStringForFeature return null
01-05 11:18:05.476  1193  1193 E KeymasterUtils: IKMHal_sendCmd failed with rsp_header->status: -28
01-05 11:18:05.476  1193  1193 E KeyMasterHalDevice: abort_operation
01-05 11:18:05.476  1193  1193 E KeyMasterHalDevice: ret: -28
01-05 11:18:05.486 11749 16774 E FileStrategy: java.io.IOException: Read-only file system
01-05 11:18:05.492 11749 31164 E AstScreen.SubscribeHelper: getCardData null
01-05 11:18:05.505  1193  1193 E KeymasterUtils: IKMHal_sendCmd failed with rsp_header->status: -28
01-05 11:18:05.505  1193  1193 E KeyMasterHalDevice: abort_operation
01-05 11:18:05.505  1193  1193 E KeyMasterHalDevice: ret: -28
01-05 11:18:05.517  1147  1147 E lowmemorykiller: device memory 1470636 free 60214 file 1394814
01-05 11:18:05.524  1193  1193 E KeymasterUtils: IKMHal_sendCmd failed with rsp_header->status: -28
01-05 11:18:05.524  1193  1193 E KeyMasterHalDevice: abort_operation
01-05 11:18:05.524  1193  1193 E KeyMasterHalDevice: ret: -28
01-05 11:18:05.525  1193  1193 E KeymasterUtils: IKMHal_sendCmd failed with rsp_header->status: -28
01-05 11:18:05.525  1949  2060 E PERFHAL-OPTSHANDLER: PERFHAL-OPTSHANDLER: handle_early_wakeup_hint() 2454: Display not enabled
01-05 11:18:05.525  1193  1193 E KeyMasterHalDevice: abort_operation
01-05 11:18:05.525  1193  1193 E KeyMasterHalDevice: ret: -28
01-05 11:18:05.525  1949  2060 E PERFHAL-RESOURCEQS: PERFHAL-RESOURCEQS: AddAndApply() 159: Failed to apply optimization [7, 3]
01-05 11:18:05.535  1193  1193 E KeymasterUtils: IKMHal_sendCmd failed with rsp_header->status: -28
01-05 11:18:05.535  1193  1193 E KeyMasterHalDevice: abort_operation
01-05 11:18:05.535  1193  1193 E KeyMasterHalDevice: ret: -28
01-05 11:18:05.535  1193  1193 E KeymasterUtils: IKMHal_sendCmd failed with rsp_header->status: -28
01-05 11:18:05.535  1193  1193 E KeyMasterHalDevice: abort_operation
01-05 11:18:05.535  1193  1193 E KeyMasterHalDevice: ret: -28
01-05 11:18:05.538  3292  4361 E system_server: No package ID 7f found for resource ID 0x7f13021d.
01-05 11:18:05.539  2064  2064 E cryptoeng_hidl: process com.oplus.deepthinker have no permission calling cmd:10009.
01-05 11:18:05.542  1949  2060 E PERFHAL-OPTSHANDLER: PERFHAL-OPTSHANDLER: handle_early_wakeup_hint() 2454: Display not enabled
01-05 11:18:05.542  1949  2060 E PERFHAL-RESOURCEQS: PERFHAL-RESOURCEQS: RemoveAndApply() 299: Failed to reset optimization here [7, 3]
01-05 11:18:05.557  5168  5301 E OplusBracketLog: [OplusViewMirrorManager] updateHostViewRootIfNeeded, not support android.view.ViewRootImpl@9306f08
01-05 11:18:05.565  3292  3458 E OplusAppQuickStart_AppQuickStartController: not start from launcher transition:49
01-05 11:18:05.572  3292  3458 E FlexibleWindowManagerService: notifyTaskObserverToAttachController not need to notify!
01-05 11:18:05.573  2064  2064 E cryptoeng_hidl: process com.oplus.deepthinker have no permission calling cmd:10009.
01-05 11:18:05.580  3292  4362 E OsenseCommonUtils: write /dev/memcg/memory.force_shrink_file failed
01-05 11:18:05.580  3292  4362 E OsenseCommonUtils: java.io.IOException: write failed: EBUSY (Device or resource busy)
01-05 11:18:05.580  3292  4362 E OsenseCommonUtils: 	at libcore.io.IoBridge.write(IoBridge.java:651)
01-05 11:18:05.580  3292  4362 E OsenseCommonUtils: 	at java.io.FileOutputStream.write(FileOutputStream.java:436)
01-05 11:18:05.580  3292  4362 E OsenseCommonUtils: 	at sun.nio.cs.StreamEncoder.writeBytes(StreamEncoder.java:233)
01-05 11:18:05.580  3292  4362 E OsenseCommonUtils: 	at sun.nio.cs.StreamEncoder.implFlushBuffer(StreamEncoder.java:309)
01-05 11:18:05.580  3292  4362 E OsenseCommonUtils: 	at sun.nio.cs.StreamEncoder.implFlush(StreamEncoder.java:313)
01-05 11:18:05.580  3292  4362 E OsenseCommonUtils: 	at sun.nio.cs.StreamEncoder.flush(StreamEncoder.java:153)
01-05 11:18:05.580  3292  4362 E OsenseCommonUtils: 	at java.io.OutputStreamWriter.flush(OutputStreamWriter.java:248)
01-05 11:18:05.580  3292  4362 E OsenseCommonUtils: 	at com.android.server.oplus.osense.utils.OsenseCommonUtils.writeFile(OsenseCommonUtils.java:154)
01-05 11:18:05.580  3292  4362 E OsenseCommonUtils: 	at com.android.server.am.OplusOsenseCompressAction.doGlobalShrink(OplusOsenseCompressAction.java:1886)
01-05 11:18:05.580  3292  4362 E OsenseCommonUtils: 	at com.android.server.am.OplusOsenseCompressAction.-$$Nest$mdoGlobalShrink(Unknown Source:0)
01-05 11:18:05.580  3292  4362 E OsenseCommonUtils: 	at com.android.server.am.OplusOsenseCompressAction$CompressHandler.handleMessage(OplusOsenseCompressAction.java:1334)
01-05 11:18:05.580  3292  4362 E OsenseCommonUtils: 	at android.os.Handler.dispatchMessage(Handler.java:115)
01-05 11:18:05.580  3292  4362 E OsenseCommonUtils: 	at android.os.Looper.loopOnce(Looper.java:298)
01-05 11:18:05.580  3292  4362 E OsenseCommonUtils: 	at android.os.Looper.loop(Looper.java:408)
01-05 11:18:05.580  3292  4362 E OsenseCommonUtils: 	at android.os.HandlerThread.run(HandlerThread.java:85)
01-05 11:18:05.580  3292  4362 E OsenseCommonUtils: Caused by: android.system.ErrnoException: write failed: EBUSY (Device or resource busy)
01-05 11:18:05.580  3292  4362 E OsenseCommonUtils: 	at libcore.io.Linux.writeBytes(Native Method)
01-05 11:18:05.580  3292  4362 E OsenseCommonUtils: 	at libcore.io.Linux.write(Linux.java:336)
01-05 11:18:05.580  3292  4362 E OsenseCommonUtils: 	at libcore.io.ForwardingOs.write(ForwardingOs.java:948)
01-05 11:18:05.580  3292  4362 E OsenseCommonUtils: 	at libcore.io.BlockGuardOs.write(BlockGuardOs.java:448)
01-05 11:18:05.580  3292  4362 E OsenseCommonUtils: 	at libcore.io.IoBridge.write(IoBridge.java:646)
01-05 11:18:05.580  3292  4362 E OsenseCommonUtils: 	... 14 more
01-05 11:18:05.594 12277 12277 E promenar.nexara: Unknown bits set in runtime_flags: 0x40000000
01-05 11:18:05.597 12277 12277 E promenar.nexara: Not starting debugger since process cannot load the jdwp agent.
01-05 11:18:05.600  1755  1784 E statsd  : Stats puller failed for tag: 150134 at 1437145925960
01-05 11:18:05.605  3292  4361 E FlexibleWindowManagerService: notifyTaskObserverToAttachController not need to notify!
01-05 11:18:05.606  1193  1193 E KeymasterUtils: IKMHal_sendCmd failed with rsp_header->status: -28
01-05 11:18:05.606  1193  1193 E KeyMasterHalDevice: abort_operation
01-05 11:18:05.606  1193  1193 E KeyMasterHalDevice: ret: -28
01-05 11:18:05.611  3292  3521 E OplusThermalStats: Error getting package info: com.promenar.nexara
01-05 11:18:05.614  1755  1784 E statsd  : Stats puller failed for tag: 150134 at 1437204340127
01-05 11:18:05.620  1755  1784 E statsd  : Gauge Stats puller failed for tag: 150119 at 1437204340127
01-05 11:18:05.620  1147  1147 E lowmemorykiller: device memory 1465092 free 50610 file 1397624
01-05 11:18:05.621  2033  2033 E android.hardware.power.stats-impl.oplus: HandleFactory::read open charger_input_current_now(/proc/charger/input_current_now) failed! fd: -1 errno: 2
01-05 11:18:05.621  7196 14663 E midasd  : getTotalFlipsFromSf mCurFrameCount: 13583
01-05 11:18:05.621  7196 14663 E midasd  : getTotalFlipsFromSf mCurFrameCount: 13583
01-05 11:18:05.621  7196 14663 E midasd  : getTotalFlipsFromSf mCurFrameCount: 13583
01-05 11:18:05.626 12277 12277 E [UAH_CLIENT]: uahInit enter
01-05 11:18:05.626  1193  1193 E KeymasterUtils: IKMHal_sendCmd failed with rsp_header->status: -28
01-05 11:18:05.626  1193  1193 E KeyMasterHalDevice: abort_operation
01-05 11:18:05.626  1193  1193 E KeyMasterHalDevice: ret: -28
01-05 11:18:05.642  1193  1193 E KeymasterUtils: IKMHal_sendCmd failed with rsp_header->status: -28
01-05 11:18:05.642  1193  1193 E KeyMasterHalDevice: abort_operation
01-05 11:18:05.642  1193  1193 E KeyMasterHalDevice: ret: -28
01-05 11:18:05.642  1193  1193 E KeymasterUtils: IKMHal_sendCmd failed with rsp_header->status: -28
01-05 11:18:05.642  1193  1193 E KeyMasterHalDevice: abort_operation
01-05 11:18:05.643  1193  1193 E KeyMasterHalDevice: ret: -28
01-05 11:18:05.643  2064  2064 E cryptoeng_hidl: process com.oplus.deepthinker have no permission calling cmd:10009.
01-05 11:18:05.645 12277 12277 E SchedAssist: open sharedFd failed with error=Permission denied
01-05 11:18:05.645 12277 12277 E SchedAssist: open sharedFd failed with error=Permission denied
01-05 11:18:05.645 12277 12277 E SchedAssist: open sharedFd failed with error=Permission denied
